Archive member included because of file (symbol)

d:/programas/truestudio for arm 5.4.2/armtools/bin/../lib/gcc/arm-atollic-eabi/4.8.3/../../../../arm-atollic-eabi/lib/armv7e-m/fpu\libc.a(lib_a-init.o)
                              Drivers\CMSIS\Device\ST\STM32F4xx\Source\Templates\gcc\startup_stm32f411xe.o (__libc_init_array)
d:/programas/truestudio for arm 5.4.2/armtools/bin/../lib/gcc/arm-atollic-eabi/4.8.3/../../../../arm-atollic-eabi/lib/armv7e-m/fpu\libc.a(lib_a-strncpy.o)
                              Src\main.o (strncpy)
d:/programas/truestudio for arm 5.4.2/armtools/bin/../lib/gcc/arm-atollic-eabi/4.8.3/../../../../arm-atollic-eabi/lib/armv7e-m/fpu\libm.a(lib_a-s_round.o)
                              Src\steppermotors.o (round)
d:/programas/truestudio for arm 5.4.2/armtools/bin/../lib/gcc/arm-atollic-eabi/4.8.3/armv7e-m/fpu\libgcc.a(_arm_addsubdf3.o)
                              Src\steppermotors.o (__aeabi_dadd)
d:/programas/truestudio for arm 5.4.2/armtools/bin/../lib/gcc/arm-atollic-eabi/4.8.3/armv7e-m/fpu\libgcc.a(_arm_muldivdf3.o)
                              Src\steppermotors.o (__aeabi_dmul)
d:/programas/truestudio for arm 5.4.2/armtools/bin/../lib/gcc/arm-atollic-eabi/4.8.3/armv7e-m/fpu\libgcc.a(_arm_fixunsdfsi.o)
                              Src\steppermotors.o (__aeabi_d2uiz)

Allocating common symbols
Common symbol       size              file

j                   0x1               Src\main.o
RxDataRF_Cnt        0x2               Src\main.o
uwTick              0x4               Drivers\STM32F4xx_HAL_Driver\Src\stm32f4xx_hal.o
pFlash              0x20              Drivers\STM32F4xx_HAL_Driver\Src\stm32f4xx_hal_flash.o
RF_Buffer           0xa               Src\main.o
FPlayer_Buffer      0xa               Src\main.o
i                   0x1               Src\main.o
huart1              0x40              Src\main.o
huart6              0x40              Src\main.o

Discarded input sections

 .text          0x00000000        0x0 d:/programas/truestudio for arm 5.4.2/armtools/bin/../lib/gcc/arm-atollic-eabi/4.8.3/armv7e-m/fpu/crti.o
 .data          0x00000000        0x0 d:/programas/truestudio for arm 5.4.2/armtools/bin/../lib/gcc/arm-atollic-eabi/4.8.3/armv7e-m/fpu/crti.o
 .bss           0x00000000        0x0 d:/programas/truestudio for arm 5.4.2/armtools/bin/../lib/gcc/arm-atollic-eabi/4.8.3/armv7e-m/fpu/crti.o
 .data          0x00000000        0x4 d:/programas/truestudio for arm 5.4.2/armtools/bin/../lib/gcc/arm-atollic-eabi/4.8.3/armv7e-m/fpu/crtbegin.o
 .text          0x00000000        0x0 Src\stm32f4xx_it.o
 .data          0x00000000        0x0 Src\stm32f4xx_it.o
 .bss           0x00000000        0x0 Src\stm32f4xx_it.o
 .text          0x00000000        0x0 Src\stm32f4xx_hal_msp.o
 .data          0x00000000        0x0 Src\stm32f4xx_hal_msp.o
 .bss           0x00000000        0x0 Src\stm32f4xx_hal_msp.o
 .text.HAL_UART_MspDeInit
                0x00000000       0x6c Src\stm32f4xx_hal_msp.o
 .text          0x00000000        0x0 Src\steppermotors.o
 .data          0x00000000        0x0 Src\steppermotors.o
 .bss           0x00000000        0x0 Src\steppermotors.o
 .text          0x00000000        0x0 Src\main.o
 .data          0x00000000        0x0 Src\main.o
 .bss           0x00000000        0x0 Src\main.o
 .text          0x00000000        0x0 Src\fplayer.o
 .data          0x00000000        0x0 Src\fplayer.o
 .bss           0x00000000        0x0 Src\fplayer.o
 .text          0x00000000        0x0 Drivers\STM32F4xx_HAL_Driver\Src\stm32f4xx_hal_uart.o
 .data          0x00000000        0x0 Drivers\STM32F4xx_HAL_Driver\Src\stm32f4xx_hal_uart.o
 .bss           0x00000000        0x0 Drivers\STM32F4xx_HAL_Driver\Src\stm32f4xx_hal_uart.o
 .text.HAL_HalfDuplex_Init
                0x00000000       0xac Drivers\STM32F4xx_HAL_Driver\Src\stm32f4xx_hal_uart.o
 .text.HAL_LIN_Init
                0x00000000       0xcc Drivers\STM32F4xx_HAL_Driver\Src\stm32f4xx_hal_uart.o
 .text.HAL_MultiProcessor_Init
                0x00000000       0xe0 Drivers\STM32F4xx_HAL_Driver\Src\stm32f4xx_hal_uart.o
 .text.HAL_UART_DeInit
                0x00000000       0x48 Drivers\STM32F4xx_HAL_Driver\Src\stm32f4xx_hal_uart.o
 .text.HAL_UART_MspInit
                0x00000000       0x14 Drivers\STM32F4xx_HAL_Driver\Src\stm32f4xx_hal_uart.o
 .text.HAL_UART_MspDeInit
                0x00000000       0x14 Drivers\STM32F4xx_HAL_Driver\Src\stm32f4xx_hal_uart.o
 .text.HAL_UART_Transmit
                0x00000000      0x12c Drivers\STM32F4xx_HAL_Driver\Src\stm32f4xx_hal_uart.o
 .text.HAL_UART_Receive
                0x00000000      0x148 Drivers\STM32F4xx_HAL_Driver\Src\stm32f4xx_hal_uart.o
 .text.HAL_UART_Transmit_DMA
                0x00000000       0xd8 Drivers\STM32F4xx_HAL_Driver\Src\stm32f4xx_hal_uart.o
 .text.HAL_UART_Receive_DMA
                0x00000000       0xe8 Drivers\STM32F4xx_HAL_Driver\Src\stm32f4xx_hal_uart.o
 .text.HAL_UART_DMAPause
[...]
Memory Configuration

Name             Origin             Length             Attributes
FLASH            0x08000000         0x00080000         xr
RAM              0x20000000         0x00020000         xrw
*default*        0x00000000         0xffffffff

Linker script and memory map

LOAD d:/programas/truestudio for arm 5.4.2/armtools/bin/../lib/gcc/arm-atollic-eabi/4.8.3/armv7e-m/fpu/crti.o
LOAD d:/programas/truestudio for arm 5.4.2/armtools/bin/../lib/gcc/arm-atollic-eabi/4.8.3/armv7e-m/fpu/crtbegin.o
LOAD Src\stm32f4xx_it.o
LOAD Src\stm32f4xx_hal_msp.o
LOAD Src\steppermotors.o
LOAD Src\main.o
LOAD Src\fplayer.o
LOAD Drivers\STM32F4xx_HAL_Driver\Src\stm32f4xx_hal_uart.o
LOAD Drivers\STM32F4xx_HAL_Driver\Src\stm32f4xx_hal_tim_ex.o
LOAD Drivers\STM32F4xx_HAL_Driver\Src\stm32f4xx_hal_tim.o
LOAD Drivers\STM32F4xx_HAL_Driver\Src\stm32f4xx_hal_rcc_ex.o
LOAD Drivers\STM32F4xx_HAL_Driver\Src\stm32f4xx_hal_rcc.o
LOAD Drivers\STM32F4xx_HAL_Driver\Src\stm32f4xx_hal_pwr_ex.o
LOAD Drivers\STM32F4xx_HAL_Driver\Src\stm32f4xx_hal_pwr.o
LOAD Drivers\STM32F4xx_HAL_Driver\Src\stm32f4xx_hal_gpio.o
LOAD Drivers\STM32F4xx_HAL_Driver\Src\stm32f4xx_hal_flash_ramfunc.o
LOAD Drivers\STM32F4xx_HAL_Driver\Src\stm32f4xx_hal_flash_ex.o
LOAD Drivers\STM32F4xx_HAL_Driver\Src\stm32f4xx_hal_flash.o
LOAD Drivers\STM32F4xx_HAL_Driver\Src\stm32f4xx_hal_dma_ex.o
LOAD Drivers\STM32F4xx_HAL_Driver\Src\stm32f4xx_hal_dma.o
LOAD Drivers\STM32F4xx_HAL_Driver\Src\stm32f4xx_hal_cortex.o
LOAD Drivers\STM32F4xx_HAL_Driver\Src\stm32f4xx_hal.o
LOAD Drivers\CMSIS\Device\ST\STM32F4xx\Source\Templates\system_stm32f4xx.o
LOAD Drivers\CMSIS\Device\ST\STM32F4xx\Source\Templates\gcc\startup_stm32f411xe.o
START GROUP
LOAD d:/programas/truestudio for arm 5.4.2/armtools/bin/../lib/gcc/arm-atollic-eabi/4.8.3/../../../../arm-atollic-eabi/lib/armv7e-m/fpu\libc.a
LOAD d:/programas/truestudio for arm 5.4.2/armtools/bin/../lib/gcc/arm-atollic-eabi/4.8.3/../../../../arm-atollic-eabi/lib/armv7e-m/fpu\libm.a
END GROUP
                0x00001000                malloc_getpagesize_P = 0x1000
START GROUP
LOAD d:/programas/truestudio for arm 5.4.2/armtools/bin/../lib/gcc/arm-atollic-eabi/4.8.3/armv7e-m/fpu\libgcc.a
LOAD d:/programas/truestudio for arm 5.4.2/armtools/bin/../lib/gcc/arm-atollic-eabi/4.8.3/../../../../arm-atollic-eabi/lib/armv7e-m/fpu\libc.a
END GROUP
LOAD d:/programas/truestudio for arm 5.4.2/armtools/bin/../lib/gcc/arm-atollic-eabi/4.8.3/armv7e-m/fpu/crtend.o
LOAD d:/programas/truestudio for arm 5.4.2/armtools/bin/../lib/gcc/arm-atollic-eabi/4.8.3/armv7e-m/fpu/crtn.o
                0x20020000                _estack = 0x20020000
                0x00000200                _Min_Heap_Size = 0x200
                0x00000400                _Min_Stack_Size = 0x400

.isr_vector     0x08000000      0x198
                0x08000000                . = ALIGN (0x4)
 *(.isr_vector)
 .isr_vector    0x08000000      0x198 Drivers\CMSIS\Device\ST\STM32F4xx\Source\Templates\gcc\startup_stm32f411xe.o
                0x08000000                g_pfnVectors
                0x08000198                . = ALIGN (0x4)

.text           0x08000198     0x3568
                0x08000198                . = ALIGN (0x4)
 *(.text)
 .text          0x08000198       0x40 d:/programas/truestudio for arm 5.4.2/armtools/bin/../lib/gcc/arm-atollic-eabi/4.8.3/armv7e-m/fpu/crtbegin.o
 .text          0x080001d8      0x370 d:/programas/truestudio for arm 5.4.2/armtools/bin/../lib/gcc/arm-atollic-eabi/4.8.3/armv7e-m/fpu\libgcc.a(_arm_addsubdf3.o)
                0x080001d8                __aeabi_drsub
                0x080001e0                __aeabi_dsub
                0x080001e0                __subdf3
                0x080001e4                __aeabi_dadd
                0x080001e4                __adddf3
                0x0800045c                __floatunsidf
                0x0800045c                __aeabi_ui2d
                0x0800047c                __floatsidf
                0x0800047c                __aeabi_i2d
                0x080004a0                __aeabi_f2d
                0x080004a0                __extendsfdf2
                0x080004dc                __floatundidf
                0x080004dc                __aeabi_ul2d
                0x080004ec                __floatdidf
                0x080004ec                __aeabi_l2d
 .text          0x08000548      0x424 d:/programas/truestudio for arm 5.4.2/armtools/bin/../lib/gcc/arm-atollic-eabi/4.8.3/armv7e-m/fpu\libgcc.a(_arm_muldivdf3.o)
                0x08000548                __aeabi_dmul
                0x08000548                __muldf3
                0x0800079c                __divdf3
                0x0800079c                __aeabi_ddiv
 .text          0x0800096c       0x40 d:/programas/truestudio for arm 5.4.2/armtools/bin/../lib/gcc/arm-atollic-eabi/4.8.3/armv7e-m/fpu\libgcc.a(_arm_fixunsdfsi.o)
                0x0800096c                __aeabi_d2uiz
                0x0800096c                __fixunsdfsi
 *(.text*)
 .text.SysTick_Handler
                0x080009ac       0x10 Src\stm32f4xx_it.o
                0x080009ac                SysTick_Handler
 .text.EXTI0_IRQHandler
                0x080009bc       0x2c Src\stm32f4xx_it.o
                0x080009bc                EXTI0_IRQHandler
 .text.EXTI1_IRQHandler
                0x080009e8       0x2c Src\stm32f4xx_it.o
                0x080009e8                EXTI1_IRQHandler
 .text.EXTI2_IRQHandler
                0x08000a14       0x2c Src\stm32f4xx_it.o
                0x08000a14                EXTI2_IRQHandler
 .text.EXTI3_IRQHandler
                0x08000a40       0x2c Src\stm32f4xx_it.o
                0x08000a40                EXTI3_IRQHandler
 .text.USART1_IRQHandler
                0x08000a6c       0x10 Src\stm32f4xx_it.o
                0x08000a6c                USART1_IRQHandler
 .text.USART6_IRQHandler
                0x08000a7c       0x24 Src\stm32f4xx_it.o
                0x08000a7c                USART6_IRQHandler
 .text.HAL_MspInit
                0x08000aa0       0x60 Src\stm32f4xx_hal_msp.o
                0x08000aa0                HAL_MspInit
 .text.HAL_UART_MspInit
                0x08000b00       0xd0 Src\stm32f4xx_hal_msp.o
                0x08000b00                HAL_UART_MspInit
 .text.moveMotorDegrees
                0x08000bd0      0x35c Src\steppermotors.o
                0x08000bd0                moveMotorDegrees
 .text.changeDir
                0x08000f2c       0x64 Src\steppermotors.o
                0x08000f2c                changeDir
 .text.moveMotorDistance
                0x08000f90       0xb0 Src\steppermotors.o
                0x08000f90                moveMotorDistance
 .text.main     0x08001040      0x5f0 Src\main.o
                0x08001040                main
 .text.SystemClock_Config
                0x08001630       0xdc Src\main.o
                0x08001630                SystemClock_Config
 .text.MX_USART1_UART_Init
                0x0800170c       0x50 Src\main.o
 .text.MX_USART6_UART_Init
                0x0800175c       0x50 Src\main.o
 .text.MX_GPIO_Init
                0x080017ac      0x198 Src\main.o
 .text.sendMotorsToStart
                0x08001944       0x7c Src\main.o
                0x08001944                sendMotorsToStart
 .text.deInitVariables
                0x080019c0      0x138 Src\main.o
                0x080019c0                deInitVariables
 .text.Error_Handler
                0x08001af8        0x8 Src\main.o
                0x08001af8                Error_Handler
 .text.putChr   0x08001b00       0x24 Src\fplayer.o
                0x08001b00                putChr
 .text.buildCommand
                0x08001b24       0xc0 Src\fplayer.o
                0x08001b24                buildCommand
 .text.HAL_UART_Init
                0x08001be4       0x9c Drivers\STM32F4xx_HAL_Driver\Src\stm32f4xx_hal_uart.o
                0x08001be4                HAL_UART_Init
 .text.HAL_UART_Transmit_IT
                0x08001c80       0x8c Drivers\STM32F4xx_HAL_Driver\Src\stm32f4xx_hal_uart.o
                0x08001c80                HAL_UART_Transmit_IT
 .text.HAL_UART_Receive_IT
                0x08001d0c       0xac Drivers\STM32F4xx_HAL_Driver\Src\stm32f4xx_hal_uart.o
                0x08001d0c                HAL_UART_Receive_IT
 .text.HAL_UART_IRQHandler
                0x08001db8      0x1ec Drivers\STM32F4xx_HAL_Driver\Src\stm32f4xx_hal_uart.o
                0x08001db8                HAL_UART_IRQHandler
 .text.HAL_UART_TxCpltCallback
                0x08001fa4       0x14 Drivers\STM32F4xx_HAL_Driver\Src\stm32f4xx_hal_uart.o
                0x08001fa4                HAL_UART_TxCpltCallback
 .text.HAL_UART_RxCpltCallback
                0x08001fb8       0x14 Drivers\STM32F4xx_HAL_Driver\Src\stm32f4xx_hal_uart.o
                0x08001fb8                HAL_UART_RxCpltCallback
 .text.HAL_UART_ErrorCallback
                0x08001fcc       0x14 Drivers\STM32F4xx_HAL_Driver\Src\stm32f4xx_hal_uart.o
                0x08001fcc                HAL_UART_ErrorCallback
 .text.UART_EndRxTransfer
                0x08001fe0       0x3c Drivers\STM32F4xx_HAL_Driver\Src\stm32f4xx_hal_uart.o
 .text.UART_DMAAbortOnError
                0x0800201c       0x28 Drivers\STM32F4xx_HAL_Driver\Src\stm32f4xx_hal_uart.o
 .text.UART_Transmit_IT
                0x08002044       0xac Drivers\STM32F4xx_HAL_Driver\Src\stm32f4xx_hal_uart.o
 .text.UART_EndTransmit_IT
                0x080020f0       0x30 Drivers\STM32F4xx_HAL_Driver\Src\stm32f4xx_hal_uart.o
 .text.UART_Receive_IT
                0x08002120       0xf4 Drivers\STM32F4xx_HAL_Driver\Src\stm32f4xx_hal_uart.o
 .text.UART_SetConfig
                0x08002214      0x444 Drivers\STM32F4xx_HAL_Driver\Src\stm32f4xx_hal_uart.o
 .text.HAL_RCC_OscConfig
                0x08002658      0x424 Drivers\STM32F4xx_HAL_Driver\Src\stm32f4xx_hal_rcc.o
                0x08002658                HAL_RCC_OscConfig
 .text.HAL_RCC_ClockConfig
                0x08002a7c      0x228 Drivers\STM32F4xx_HAL_Driver\Src\stm32f4xx_hal_rcc.o
                0x08002a7c                HAL_RCC_ClockConfig
 .text.HAL_RCC_GetSysClockFreq
                0x08002ca4       0xfc Drivers\STM32F4xx_HAL_Driver\Src\stm32f4xx_hal_rcc.o
                0x08002ca4                HAL_RCC_GetSysClockFreq
 .text.HAL_RCC_GetHCLKFreq
                0x08002da0       0x18 Drivers\STM32F4xx_HAL_Driver\Src\stm32f4xx_hal_rcc.o
                0x08002da0                HAL_RCC_GetHCLKFreq
 .text.HAL_RCC_GetPCLK1Freq
                0x08002db8       0x44 Drivers\STM32F4xx_HAL_Driver\Src\stm32f4xx_hal_rcc.o
                0x08002db8                HAL_RCC_GetPCLK1Freq
 .text.HAL_RCC_GetPCLK2Freq
                0x08002dfc       0x44 Drivers\STM32F4xx_HAL_Driver\Src\stm32f4xx_hal_rcc.o
                0x08002dfc                HAL_RCC_GetPCLK2Freq
 .text.HAL_GPIO_Init
                0x08002e40      0x304 Drivers\STM32F4xx_HAL_Driver\Src\stm32f4xx_hal_gpio.o
                0x08002e40                HAL_GPIO_Init
 .text.HAL_GPIO_WritePin
                0x08003144       0x30 Drivers\STM32F4xx_HAL_Driver\Src\stm32f4xx_hal_gpio.o
                0x08003144                HAL_GPIO_WritePin
 .text.HAL_GPIO_TogglePin
                0x08003174       0x24 Drivers\STM32F4xx_HAL_Driver\Src\stm32f4xx_hal_gpio.o
                0x08003174                HAL_GPIO_TogglePin
 .text.HAL_DMA_Abort_IT
                0x08003198       0x44 Drivers\STM32F4xx_HAL_Driver\Src\stm32f4xx_hal_dma.o
                0x08003198                HAL_DMA_Abort_IT
 .text.NVIC_SetPriorityGrouping
                0x080031dc       0x48 Drivers\STM32F4xx_HAL_Driver\Src\stm32f4xx_hal_cortex.o
 .text.NVIC_GetPriorityGrouping
                0x08003224       0x1c Drivers\STM32F4xx_HAL_Driver\Src\stm32f4xx_hal_cortex.o
 .text.NVIC_EnableIRQ
                0x08003240       0x30 Drivers\STM32F4xx_HAL_Driver\Src\stm32f4xx_hal_cortex.o
 .text.NVIC_SetPriority
                0x08003270       0x54 Drivers\STM32F4xx_HAL_Driver\Src\stm32f4xx_hal_cortex.o
 .text.NVIC_EncodePriority
                0x080032c4       0x64 Drivers\STM32F4xx_HAL_Driver\Src\stm32f4xx_hal_cortex.o
 .text.SysTick_Config
                0x08003328       0x44 Drivers\STM32F4xx_HAL_Driver\Src\stm32f4xx_hal_cortex.o
 .text.HAL_NVIC_SetPriorityGrouping
                0x0800336c       0x14 Drivers\STM32F4xx_HAL_Driver\Src\stm32f4xx_hal_cortex.o
                0x0800336c                HAL_NVIC_SetPriorityGrouping
 .text.HAL_NVIC_SetPriority
                0x08003380       0x38 Drivers\STM32F4xx_HAL_Driver\Src\stm32f4xx_hal_cortex.o
                0x08003380                HAL_NVIC_SetPriority
 .text.HAL_NVIC_EnableIRQ
                0x080033b8       0x1c Drivers\STM32F4xx_HAL_Driver\Src\stm32f4xx_hal_cortex.o
                0x080033b8                HAL_NVIC_EnableIRQ
 .text.HAL_SYSTICK_Config
                0x080033d4       0x18 Drivers\STM32F4xx_HAL_Driver\Src\stm32f4xx_hal_cortex.o
                0x080033d4                HAL_SYSTICK_Config
 .text.HAL_SYSTICK_CLKSourceConfig
                0x080033ec       0x38 Drivers\STM32F4xx_HAL_Driver\Src\stm32f4xx_hal_cortex.o
                0x080033ec                HAL_SYSTICK_CLKSourceConfig
 .text.HAL_SYSTICK_IRQHandler
                0x08003424        0xc Drivers\STM32F4xx_HAL_Driver\Src\stm32f4xx_hal_cortex.o
                0x08003424                HAL_SYSTICK_IRQHandler
 .text.HAL_SYSTICK_Callback
                0x08003430        0xc Drivers\STM32F4xx_HAL_Driver\Src\stm32f4xx_hal_cortex.o
                0x08003430                HAL_SYSTICK_Callback
 .text.HAL_Init
                0x0800343c       0x44 Drivers\STM32F4xx_HAL_Driver\Src\stm32f4xx_hal.o
                0x0800343c                HAL_Init
 .text.HAL_InitTick
                0x08003480       0x38 Drivers\STM32F4xx_HAL_Driver\Src\stm32f4xx_hal.o
                0x08003480                HAL_InitTick
 .text.HAL_IncTick
                0x080034b8       0x1c Drivers\STM32F4xx_HAL_Driver\Src\stm32f4xx_hal.o
                0x080034b8                HAL_IncTick
 .text.HAL_GetTick
                0x080034d4       0x18 Drivers\STM32F4xx_HAL_Driver\Src\stm32f4xx_hal.o
                0x080034d4                HAL_GetTick
 .text.HAL_Delay
                0x080034ec       0x2c Drivers\STM32F4xx_HAL_Driver\Src\stm32f4xx_hal.o
                0x080034ec                HAL_Delay
 .text.SystemInit
                0x08003518       0x6c Drivers\CMSIS\Device\ST\STM32F4xx\Source\Templates\system_stm32f4xx.o
                0x08003518                SystemInit
 .text.Reset_Handler
                0x08003584       0x58 Drivers\CMSIS\Device\ST\STM32F4xx\Source\Templates\gcc\startup_stm32f411xe.o
                0x08003584                Reset_Handler
 .text.Default_Handler
                0x080035dc        0x4 Drivers\CMSIS\Device\ST\STM32F4xx\Source\Templates\gcc\startup_stm32f411xe.o
                0x080035dc                RTC_Alarm_IRQHandler
                0x080035dc                DebugMon_Handler
                0x080035dc                SPI4_IRQHandler
                0x080035dc                TIM1_CC_IRQHandler
                0x080035dc                DMA2_Stream5_IRQHandler
                0x080035dc                HardFault_Handler
                0x080035dc                DMA1_Stream5_IRQHandler
                0x080035dc                PVD_IRQHandler
                0x080035dc                SDIO_IRQHandler
                0x080035dc                TAMP_STAMP_IRQHandler
                0x080035dc                PendSV_Handler
                0x080035dc                NMI_Handler
                0x080035dc                TIM1_UP_TIM10_IRQHandler
                0x080035dc                I2C3_ER_IRQHandler
                0x080035dc                I2C2_EV_IRQHandler
                0x080035dc                DMA1_Stream2_IRQHandler
                0x080035dc                FPU_IRQHandler
                0x080035dc                UsageFault_Handler
                0x080035dc                DMA2_Stream2_IRQHandler
                0x080035dc                SPI1_IRQHandler
                0x080035dc                TIM1_BRK_TIM9_IRQHandler
                0x080035dc                DMA2_Stream3_IRQHandler
                0x080035dc                DMA2_Stream0_IRQHandler
                0x080035dc                TIM4_IRQHandler
                0x080035dc                I2C1_EV_IRQHandler
                0x080035dc                DMA1_Stream6_IRQHandler
                0x080035dc                DMA1_Stream1_IRQHandler
                0x080035dc                TIM3_IRQHandler
                0x080035dc                RCC_IRQHandler
                0x080035dc                Default_Handler
                0x080035dc                EXTI15_10_IRQHandler
                0x080035dc                ADC_IRQHandler
                0x080035dc                DMA1_Stream7_IRQHandler
                0x080035dc                SPI5_IRQHandler
                0x080035dc                TIM5_IRQHandler
                0x080035dc                DMA2_Stream7_IRQHandler
                0x080035dc                I2C3_EV_IRQHandler
                0x080035dc                EXTI9_5_IRQHandler
                0x080035dc                RTC_WKUP_IRQHandler
                0x080035dc                SPI2_IRQHandler
                0x080035dc                MemManage_Handler
                0x080035dc                DMA1_Stream0_IRQHandler
                0x080035dc                SVC_Handler
                0x080035dc                EXTI4_IRQHandler
                0x080035dc                WWDG_IRQHandler
                0x080035dc                TIM2_IRQHandler
                0x080035dc                OTG_FS_WKUP_IRQHandler
                0x080035dc                TIM1_TRG_COM_TIM11_IRQHandler
                0x080035dc                USART2_IRQHandler
                0x080035dc                I2C2_ER_IRQHandler
                0x080035dc                DMA2_Stream1_IRQHandler
                0x080035dc                FLASH_IRQHandler
                0x080035dc                DMA2_Stream4_IRQHandler
                0x080035dc                BusFault_Handler
                0x080035dc                OTG_FS_IRQHandler
                0x080035dc                SPI3_IRQHandler
                0x080035dc                DMA1_Stream4_IRQHandler
                0x080035dc                I2C1_ER_IRQHandler
                0x080035dc                DMA2_Stream6_IRQHandler
                0x080035dc                DMA1_Stream3_IRQHandler
 .text.__libc_init_array
                0x080035e0       0x4c d:/programas/truestudio for arm 5.4.2/armtools/bin/../lib/gcc/arm-atollic-eabi/4.8.3/../../../../arm-atollic-eabi/lib/armv7e-m/fpu\libc.a(lib_a-init.o)
                0x080035e0                __libc_init_array
 .text.strncpy  0x0800362c       0x24 d:/programas/truestudio for arm 5.4.2/armtools/bin/../lib/gcc/arm-atollic-eabi/4.8.3/../../../../arm-atollic-eabi/lib/armv7e-m/fpu\libc.a(lib_a-strncpy.o)
                0x0800362c                strncpy
 .text.round    0x08003650       0x98 d:/programas/truestudio for arm 5.4.2/armtools/bin/../lib/gcc/arm-atollic-eabi/4.8.3/../../../../arm-atollic-eabi/lib/armv7e-m/fpu\libm.a(lib_a-s_round.o)
                0x08003650                round
 *(.glue_7)
 .glue_7        0x00000000        0x0 linker stubs
 *(.glue_7t)
 .glue_7t       0x00000000        0x0 linker stubs
 *(.eh_frame)
 .eh_frame      0x080036e8        0x0 d:/programas/truestudio for arm 5.4.2/armtools/bin/../lib/gcc/arm-atollic-eabi/4.8.3/armv7e-m/fpu/crtbegin.o
 *(.init)
 .init          0x080036e8        0x4 d:/programas/truestudio for arm 5.4.2/armtools/bin/../lib/gcc/arm-atollic-eabi/4.8.3/armv7e-m/fpu/crti.o
                0x080036e8                _init
 .init          0x080036ec        0x8 d:/programas/truestudio for arm 5.4.2/armtools/bin/../lib/gcc/arm-atollic-eabi/4.8.3/armv7e-m/fpu/crtn.o
 *(.fini)
 .fini          0x080036f4        0x4 d:/programas/truestudio for arm 5.4.2/armtools/bin/../lib/gcc/arm-atollic-eabi/4.8.3/armv7e-m/fpu/crti.o
                0x080036f4                _fini
 .fini          0x080036f8        0x8 d:/programas/truestudio for arm 5.4.2/armtools/bin/../lib/gcc/arm-atollic-eabi/4.8.3/armv7e-m/fpu/crtn.o
                0x08003700                . = ALIGN (0x4)
                0x08003700                _etext = .

.vfp11_veneer   0x08003700        0x0
 .vfp11_veneer  0x00000000        0x0 linker stubs

.v4_bx          0x08003700        0x0
 .v4_bx         0x00000000        0x0 linker stubs

.iplt           0x08003700        0x0
 .iplt          0x00000000        0x0 d:/programas/truestudio for arm 5.4.2/armtools/bin/../lib/gcc/arm-atollic-eabi/4.8.3/armv7e-m/fpu/crtbegin.o

.rodata         0x08003700       0x10
                0x08003700                . = ALIGN (0x4)
 *(.rodata)
 *(.rodata*)
 .rodata.APBAHBPrescTable
                0x08003700       0x10 Drivers\STM32F4xx_HAL_Driver\Src\stm32f4xx_hal_rcc.o
                0x08003700                APBAHBPrescTable
                0x08003710                . = ALIGN (0x4)

.rel.dyn        0x08003710        0x0
 .rel.iplt      0x00000000        0x0 d:/programas/truestudio for arm 5.4.2/armtools/bin/../lib/gcc/arm-atollic-eabi/4.8.3/armv7e-m/fpu/crtbegin.o

.ARM.extab
 *(.ARM.extab* .gnu.linkonce.armextab.*)

.ARM            0x08003710        0x0
                0x08003710                __exidx_start = .
 *(.ARM.exidx*)
                0x08003710                __exidx_end = .

.preinit_array  0x08003710        0x0
                0x08003710                PROVIDE (__preinit_array_start, .)
 *(.preinit_array*)
                0x08003710                PROVIDE (__preinit_array_end, .)

.init_array     0x08003710        0x4
                0x08003710                PROVIDE (__init_array_start, .)
 *(SORT(.init_array.*))
 *(.init_array*)
 .init_array    0x08003710        0x4 d:/programas/truestudio for arm 5.4.2/armtools/bin/../lib/gcc/arm-atollic-eabi/4.8.3/armv7e-m/fpu/crtbegin.o
                0x08003714                PROVIDE (__init_array_end, .)

.fini_array     0x08003714        0x4
                0x08003714                PROVIDE (__fini_array_start, .)
 *(SORT(.fini_array.*))
 *(.fini_array*)
 .fini_array    0x08003714        0x4 d:/programas/truestudio for arm 5.4.2/armtools/bin/../lib/gcc/arm-atollic-eabi/4.8.3/armv7e-m/fpu/crtbegin.o
                0x08003718                PROVIDE (__fini_array_end, .)
                0x08003718                _sidata = LOADADDR (.data)

.data           0x20000000       0x88 load address 0x08003718
                0x20000000                . = ALIGN (0x4)
                0x20000000                _sdata = .
 *(.data)
 *(.data*)
 .data.players  0x20000000       0x40 Src\main.o
                0x20000000                players
 .data.characters
                0x20000040       0x40 Src\main.o
                0x20000040                characters
 .data.max      0x20000080        0x2 Src\main.o
                0x20000080                max
 *fill*         0x20000082        0x2 
 .data.SystemCoreClock
                0x20000084        0x4 Drivers\CMSIS\Device\ST\STM32F4xx\Source\Templates\system_stm32f4xx.o
                0x20000084                SystemCoreClock
                0x20000088                . = ALIGN (0x4)
                0x20000088                _edata = .

.igot.plt       0x20000088        0x0 load address 0x080037a0
 .igot.plt      0x00000000        0x0 d:/programas/truestudio for arm 5.4.2/armtools/bin/../lib/gcc/arm-atollic-eabi/4.8.3/armv7e-m/fpu/crtbegin.o
                0x20000088                . = ALIGN (0x4)

.bss            0x20000088       0xd0 load address 0x080037a0
                0x20000088                _sbss = .
                0x20000088                __bss_start__ = _sbss
 *(.bss)
 .bss           0x20000088       0x1c d:/programas/truestudio for arm 5.4.2/armtools/bin/../lib/gcc/arm-atollic-eabi/4.8.3/armv7e-m/fpu/crtbegin.o
 *(.bss*)
 .bss.MA0_Flag  0x200000a4        0x2 Src\steppermotors.o
                0x200000a4                MA0_Flag
 .bss.MA1_Flag  0x200000a6        0x2 Src\steppermotors.o
                0x200000a6                MA1_Flag
 .bss.MA2_Flag  0x200000a8        0x2 Src\steppermotors.o
                0x200000a8                MA2_Flag
 .bss.MAAux_Flag
                0x200000aa        0x2 Src\steppermotors.o
                0x200000aa                MAAux_Flag
 .bss.character
                0x200000ac        0x1 Src\main.o
                0x200000ac                character
 .bss.nplayers  0x200000ad        0x1 Src\main.o
                0x200000ad                nplayers
 .bss.player_Cnt
                0x200000ae        0x1 Src\main.o
                0x200000ae                player_Cnt
 *fill*         0x200000af        0x1 
 .bss.pointPlayers
                0x200000b0        0x4 Src\main.o
                0x200000b0                pointPlayers
 .bss.flag_Ended
                0x200000b4        0x1 Src\main.o
                0x200000b4                flag_Ended
 .bss.musicOn   0x200000b5        0x1 Src\main.o
                0x200000b5                musicOn
 .bss.done      0x200000b6        0x1 Src\main.o
                0x200000b6                done
 *(COMMON)
 *fill*         0x200000b7        0x1 
 COMMON         0x200000b8       0x9c Src\main.o
                0x200000b8                j
                0x200000ba                RxDataRF_Cnt
                0x200000bc                RF_Buffer
                0x200000c8                FPlayer_Buffer
                0x200000d2                i
                0x200000d4                huart1
                0x20000114                huart6
 COMMON         0x20000154        0x4 Drivers\STM32F4xx_HAL_Driver\Src\stm32f4xx_hal.o
                0x20000154                uwTick
                0x20000158                . = ALIGN (0x4)
                0x20000158                _ebss = .
                0x20000158                __bss_end__ = _ebss

._user_heap_stack
                0x20000158      0x600 load address 0x080037a0
                0x20000158                . = ALIGN (0x4)
                0x20000158                PROVIDE (end, .)
                0x20000158                PROVIDE (_end, .)
                0x20000358                . = (. + _Min_Heap_Size)
 *fill*         0x20000158      0x200 
                0x20000758                . = (. + _Min_Stack_Size)
 *fill*         0x20000358      0x400 
                0x20000758                . = ALIGN (0x4)

/DISCARD/
 libc.a(*)
 libm.a(*)
 libgcc.a(*)

.ARM.attributes
                0x00000000       0x30
 *(.ARM.attributes)
 .ARM.attributes
                0x00000000       0x22 d:/programas/truestudio for arm 5.4.2/armtools/bin/../lib/gcc/arm-atollic-eabi/4.8.3/armv7e-m/fpu/crti.o
 .ARM.attributes
                0x00000022       0x34 d:/programas/truestudio for arm 5.4.2/armtools/bin/../lib/gcc/arm-atollic-eabi/4.8.3/armv7e-m/fpu/crtbegin.o
 .ARM.attributes
                0x00000056       0x39 Src\stm32f4xx_it.o
 .ARM.attributes
                0x0000008f       0x39 Src\stm32f4xx_hal_msp.o
 .ARM.attributes
                0x000000c8       0x39 Src\steppermotors.o
 .ARM.attributes
                0x00000101       0x39 Src\main.o
 .ARM.attributes
                0x0000013a       0x39 Src\fplayer.o
 .ARM.attributes
                0x00000173       0x39 Drivers\STM32F4xx_HAL_Driver\Src\stm32f4xx_hal_uart.o
 .ARM.attributes
                0x000001ac       0x39 Drivers\STM32F4xx_HAL_Driver\Src\stm32f4xx_hal_rcc.o
 .ARM.attributes
                0x000001e5       0x39 Drivers\STM32F4xx_HAL_Driver\Src\stm32f4xx_hal_gpio.o
 .ARM.attributes
                0x0000021e       0x39 Drivers\STM32F4xx_HAL_Driver\Src\stm32f4xx_hal_dma.o
 .ARM.attributes
                0x00000257       0x39 Drivers\STM32F4xx_HAL_Driver\Src\stm32f4xx_hal_cortex.o
 .ARM.attributes
                0x00000290       0x39 Drivers\STM32F4xx_HAL_Driver\Src\stm32f4xx_hal.o
 .ARM.attributes
                0x000002c9       0x39 Drivers\CMSIS\Device\ST\STM32F4xx\Source\Templates\system_stm32f4xx.o
 .ARM.attributes
                0x00000302       0x21 Drivers\CMSIS\Device\ST\STM32F4xx\Source\Templates\gcc\startup_stm32f411xe.o
 .ARM.attributes
                0x00000323       0x34 d:/programas/truestudio for arm 5.4.2/armtools/bin/../lib/gcc/arm-atollic-eabi/4.8.3/../../../../arm-atollic-eabi/lib/armv7e-m/fpu\libc.a(lib_a-init.o)
 .ARM.attributes
                0x00000357       0x34 d:/programas/truestudio for arm 5.4.2/armtools/bin/../lib/gcc/arm-atollic-eabi/4.8.3/../../../../arm-atollic-eabi/lib/armv7e-m/fpu\libc.a(lib_a-strncpy.o)
 .ARM.attributes
                0x0000038b       0x34 d:/programas/truestudio for arm 5.4.2/armtools/bin/../lib/gcc/arm-atollic-eabi/4.8.3/../../../../arm-atollic-eabi/lib/armv7e-m/fpu\libm.a(lib_a-s_round.o)
 .ARM.attributes
                0x000003bf       0x22 d:/programas/truestudio for arm 5.4.2/armtools/bin/../lib/gcc/arm-atollic-eabi/4.8.3/armv7e-m/fpu\libgcc.a(_arm_addsubdf3.o)
 .ARM.attributes
                0x000003e1       0x22 d:/programas/truestudio for arm 5.4.2/armtools/bin/../lib/gcc/arm-atollic-eabi/4.8.3/armv7e-m/fpu\libgcc.a(_arm_muldivdf3.o)
 .ARM.attributes
                0x00000403       0x22 d:/programas/truestudio for arm 5.4.2/armtools/bin/../lib/gcc/arm-atollic-eabi/4.8.3/armv7e-m/fpu\libgcc.a(_arm_fixunsdfsi.o)
 .ARM.attributes
                0x00000425       0x22 d:/programas/truestudio for arm 5.4.2/armtools/bin/../lib/gcc/arm-atollic-eabi/4.8.3/armv7e-m/fpu/crtn.o
OUTPUT(GLOBAL_CARRILES_V3.elf elf32-littlearm)

.debug_info     0x00000000     0x6680
 .debug_info    0x00000000      0x654 Src\stm32f4xx_it.o
 .debug_info    0x00000654      0xa02 Src\stm32f4xx_hal_msp.o
 .debug_info    0x00001056      0x30c Src\steppermotors.o
 .debug_info    0x00001362      0xdd0 Src\main.o
 .debug_info    0x00002132      0x16d Src\fplayer.o
 .debug_info    0x0000229f      0xef8 Drivers\STM32F4xx_HAL_Driver\Src\stm32f4xx_hal_uart.o
 .debug_info    0x00003197      0xb36 Drivers\STM32F4xx_HAL_Driver\Src\stm32f4xx_hal_rcc.o
 .debug_info    0x00003ccd      0x722 Drivers\STM32F4xx_HAL_Driver\Src\stm32f4xx_hal_gpio.o
 .debug_info    0x000043ef      0x8c7 Drivers\STM32F4xx_HAL_Driver\Src\stm32f4xx_hal_dma.o
 .debug_info    0x00004cb6      0xc72 Drivers\STM32F4xx_HAL_Driver\Src\stm32f4xx_hal_cortex.o
 .debug_info    0x00005928      0x7db Drivers\STM32F4xx_HAL_Driver\Src\stm32f4xx_hal.o
 .debug_info    0x00006103      0x4ca Drivers\CMSIS\Device\ST\STM32F4xx\Source\Templates\system_stm32f4xx.o
 .debug_info    0x000065cd       0xb3 Drivers\CMSIS\Device\ST\STM32F4xx\Source\Templates\gcc\startup_stm32f411xe.o

.debug_abbrev   0x00000000     0x14be
 .debug_abbrev  0x00000000      0x141 Src\stm32f4xx_it.o
 .debug_abbrev  0x00000141      0x16d Src\stm32f4xx_hal_msp.o
 .debug_abbrev  0x000002ae      0x107 Src\steppermotors.o
 .debug_abbrev  0x000003b5      0x1de Src\main.o
 .debug_abbrev  0x00000593       0xb9 Src\fplayer.o
 .debug_abbrev  0x0000064c      0x231 Drivers\STM32F4xx_HAL_Driver\Src\stm32f4xx_hal_uart.o
 .debug_abbrev  0x0000087d      0x2ae Drivers\STM32F4xx_HAL_Driver\Src\stm32f4xx_hal_rcc.o
 .debug_abbrev  0x00000b2b      0x1aa Drivers\STM32F4xx_HAL_Driver\Src\stm32f4xx_hal_gpio.o
 .debug_abbrev  0x00000cd5      0x1ec Drivers\STM32F4xx_HAL_Driver\Src\stm32f4xx_hal_dma.o
 .debug_abbrev  0x00000ec1      0x2be Drivers\STM32F4xx_HAL_Driver\Src\stm32f4xx_hal_cortex.o
 .debug_abbrev  0x0000117f      0x22c Drivers\STM32F4xx_HAL_Driver\Src\stm32f4xx_hal.o
 .debug_abbrev  0x000013ab      0x101 Drivers\CMSIS\Device\ST\STM32F4xx\Source\Templates\system_stm32f4xx.o
 .debug_abbrev  0x000014ac       0x12 Drivers\CMSIS\Device\ST\STM32F4xx\Source\Templates\gcc\startup_stm32f411xe.o

.debug_aranges  0x00000000      0x620
 .debug_aranges
                0x00000000       0x50 Src\stm32f4xx_it.o
 .debug_aranges
                0x00000050       0x30 Src\stm32f4xx_hal_msp.o
 .debug_aranges
                0x00000080       0x30 Src\steppermotors.o
 .debug_aranges
                0x000000b0       0x58 Src\main.o
 .debug_aranges
                0x00000108       0x28 Src\fplayer.o
 .debug_aranges
                0x00000130      0x168 Drivers\STM32F4xx_HAL_Driver\Src\stm32f4xx_hal_uart.o
 .debug_aranges
                0x00000298       0x88 Drivers\STM32F4xx_HAL_Driver\Src\stm32f4xx_hal_rcc.o
 .debug_aranges
                0x00000320       0x58 Drivers\STM32F4xx_HAL_Driver\Src\stm32f4xx_hal_gpio.o
 .debug_aranges
                0x00000378       0x90 Drivers\STM32F4xx_HAL_Driver\Src\stm32f4xx_hal_dma.o
 .debug_aranges
                0x00000408      0x108 Drivers\STM32F4xx_HAL_Driver\Src\stm32f4xx_hal_cortex.o
 .debug_aranges
                0x00000510       0xc0 Drivers\STM32F4xx_HAL_Driver\Src\stm32f4xx_hal.o
 .debug_aranges
                0x000005d0       0x28 Drivers\CMSIS\Device\ST\STM32F4xx\Source\Templates\system_stm32f4xx.o
 .debug_aranges
                0x000005f8       0x28 Drivers\CMSIS\Device\ST\STM32F4xx\Source\Templates\gcc\startup_stm32f411xe.o

.debug_ranges   0x00000000      0x558
 .debug_ranges  0x00000000       0x40 Src\stm32f4xx_it.o
 .debug_ranges  0x00000040       0x20 Src\stm32f4xx_hal_msp.o
 .debug_ranges  0x00000060       0x20 Src\steppermotors.o
 .debug_ranges  0x00000080       0x48 Src\main.o
 .debug_ranges  0x000000c8       0x18 Src\fplayer.o
 .debug_ranges  0x000000e0      0x158 Drivers\STM32F4xx_HAL_Driver\Src\stm32f4xx_hal_uart.o
 .debug_ranges  0x00000238       0x78 Drivers\STM32F4xx_HAL_Driver\Src\stm32f4xx_hal_rcc.o
 .debug_ranges  0x000002b0       0x48 Drivers\STM32F4xx_HAL_Driver\Src\stm32f4xx_hal_gpio.o
 .debug_ranges  0x000002f8       0x80 Drivers\STM32F4xx_HAL_Driver\Src\stm32f4xx_hal_dma.o
 .debug_ranges  0x00000378       0xf8 Drivers\STM32F4xx_HAL_Driver\Src\stm32f4xx_hal_cortex.o
 .debug_ranges  0x00000470       0xb0 Drivers\STM32F4xx_HAL_Driver\Src\stm32f4xx_hal.o
 .debug_ranges  0x00000520       0x18 Drivers\CMSIS\Device\ST\STM32F4xx\Source\Templates\system_stm32f4xx.o
 .debug_ranges  0x00000538       0x20 Drivers\CMSIS\Device\ST\STM32F4xx\Source\Templates\gcc\startup_stm32f411xe.o

.debug_line     0x00000000     0x2db9
 .debug_line    0x00000000      0x26c Src\stm32f4xx_it.o
 .debug_line    0x0000026c      0x230 Src\stm32f4xx_hal_msp.o
 .debug_line    0x0000049c      0x25c Src\steppermotors.o
 .debug_line    0x000006f8      0x3cc Src\main.o
 .debug_line    0x00000ac4      0x14f Src\fplayer.o
 .debug_line    0x00000c13      0x95f Drivers\STM32F4xx_HAL_Driver\Src\stm32f4xx_hal_uart.o
 .debug_line    0x00001572      0x583 Drivers\STM32F4xx_HAL_Driver\Src\stm32f4xx_hal_rcc.o
 .debug_line    0x00001af5      0x378 Drivers\STM32F4xx_HAL_Driver\Src\stm32f4xx_hal_gpio.o
 .debug_line    0x00001e6d      0x4a1 Drivers\STM32F4xx_HAL_Driver\Src\stm32f4xx_hal_dma.o
 .debug_line    0x0000230e      0x4a9 Drivers\STM32F4xx_HAL_Driver\Src\stm32f4xx_hal_cortex.o
 .debug_line    0x000027b7      0x38f Drivers\STM32F4xx_HAL_Driver\Src\stm32f4xx_hal.o
 .debug_line    0x00002b46      0x1c5 Drivers\CMSIS\Device\ST\STM32F4xx\Source\Templates\system_stm32f4xx.o
 .debug_line    0x00002d0b       0xae Drivers\CMSIS\Device\ST\STM32F4xx\Source\Templates\gcc\startup_stm32f411xe.o

.debug_str      0x00000000     0x1f66
 .debug_str     0x00000000      0x631 Src\stm32f4xx_it.o
                                0x6bd (size before relaxing)
 .debug_str     0x00000631      0x55f Src\stm32f4xx_hal_msp.o
                                0xb2f (size before relaxing)
 .debug_str     0x00000b90       0xca Src\steppermotors.o
                                0x30d (size before relaxing)
 .debug_str     0x00000c5a      0x23c Src\main.o
                                0xd7a (size before relaxing)
 .debug_str     0x00000e96       0x3b Src\fplayer.o
                                0x211 (size before relaxing)
 .debug_str     0x00000ed1      0x3f1 Drivers\STM32F4xx_HAL_Driver\Src\stm32f4xx_hal_uart.o
                                0xa5b (size before relaxing)
 .debug_str     0x000012c2      0x1fc Drivers\STM32F4xx_HAL_Driver\Src\stm32f4xx_hal_rcc.o
                                0x6d8 (size before relaxing)
 .debug_str     0x000014be      0x13b Drivers\STM32F4xx_HAL_Driver\Src\stm32f4xx_hal_gpio.o
                                0x524 (size before relaxing)
 .debug_str     0x000015f9      0x305 Drivers\STM32F4xx_HAL_Driver\Src\stm32f4xx_hal_dma.o
                                0x792 (size before relaxing)
 .debug_str     0x000018fe      0x3fc Drivers\STM32F4xx_HAL_Driver\Src\stm32f4xx_hal_cortex.o
                                0xaad (size before relaxing)
 .debug_str     0x00001cfa      0x1f8 Drivers\STM32F4xx_HAL_Driver\Src\stm32f4xx_hal.o
                                0x926 (size before relaxing)
 .debug_str     0x00001ef2       0x74 Drivers\CMSIS\Device\ST\STM32F4xx\Source\Templates\system_stm32f4xx.o
                                0x3d5 (size before relaxing)

.comment        0x00000000       0x82
 .comment       0x00000000       0x82 Src\stm32f4xx_it.o
                                 0x83 (size before relaxing)
 .comment       0x00000000       0x83 Src\stm32f4xx_hal_msp.o
 .comment       0x00000000       0x83 Src\steppermotors.o
 .comment       0x00000000       0x83 Src\main.o
 .comment       0x00000000       0x83 Src\fplayer.o
 .comment       0x00000000       0x83 Drivers\STM32F4xx_HAL_Driver\Src\stm32f4xx_hal_uart.o
 .comment       0x00000000       0x83 Drivers\STM32F4xx_HAL_Driver\Src\stm32f4xx_hal_rcc.o
 .comment       0x00000000       0x83 Drivers\STM32F4xx_HAL_Driver\Src\stm32f4xx_hal_gpio.o
 .comment       0x00000000       0x83 Drivers\STM32F4xx_HAL_Driver\Src\stm32f4xx_hal_dma.o
 .comment       0x00000000       0x83 Drivers\STM32F4xx_HAL_Driver\Src\stm32f4xx_hal_cortex.o
 .comment       0x00000000       0x83 Drivers\STM32F4xx_HAL_Driver\Src\stm32f4xx_hal.o
 .comment       0x00000000       0x83 Drivers\CMSIS\Device\ST\STM32F4xx\Source\Templates\system_stm32f4xx.o

.debug_frame    0x00000000     0x12ac
 .debug_frame   0x00000000       0xc4 Src\stm32f4xx_it.o
 .debug_frame   0x000000c4       0x6c Src\stm32f4xx_hal_msp.o
 .debug_frame   0x00000130       0x74 Src\steppermotors.o
 .debug_frame   0x000001a4       0xf8 Src\main.o
 .debug_frame   0x0000029c       0x4c Src\fplayer.o
 .debug_frame   0x000002e8      0x500 Drivers\STM32F4xx_HAL_Driver\Src\stm32f4xx_hal_uart.o
 .debug_frame   0x000007e8      0x198 Drivers\STM32F4xx_HAL_Driver\Src\stm32f4xx_hal_rcc.o
 .debug_frame   0x00000980       0xf4 Drivers\STM32F4xx_HAL_Driver\Src\stm32f4xx_hal_gpio.o
 .debug_frame   0x00000a74      0x1d0 Drivers\STM32F4xx_HAL_Driver\Src\stm32f4xx_hal_dma.o
 .debug_frame   0x00000c44      0x378 Drivers\STM32F4xx_HAL_Driver\Src\stm32f4xx_hal_cortex.o
 .debug_frame   0x00000fbc      0x228 Drivers\STM32F4xx_HAL_Driver\Src\stm32f4xx_hal.o
 .debug_frame   0x000011e4       0x44 Drivers\CMSIS\Device\ST\STM32F4xx\Source\Templates\system_stm32f4xx.o
 .debug_frame   0x00001228       0x2c d:/programas/truestudio for arm 5.4.2/armtools/bin/../lib/gcc/arm-atollic-eabi/4.8.3/../../../../arm-atollic-eabi/lib/armv7e-m/fpu\libc.a(lib_a-init.o)
 .debug_frame   0x00001254       0x28 d:/programas/truestudio for arm 5.4.2/armtools/bin/../lib/gcc/arm-atollic-eabi/4.8.3/../../../../arm-atollic-eabi/lib/armv7e-m/fpu\libc.a(lib_a-strncpy.o)
 .debug_frame   0x0000127c       0x30 d:/programas/truestudio for arm 5.4.2/armtools/bin/../lib/gcc/arm-atollic-eabi/4.8.3/../../../../arm-atollic-eabi/lib/armv7e-m/fpu\libm.a(lib_a-s_round.o)

Cross Reference Table

Symbol                                            File
ADC_IRQHandler                                    Drivers\CMSIS\Device\ST\STM32F4xx\Source\Templates\gcc\startup_stm32f411xe.o
AHBPrescTable                                     Drivers\CMSIS\Device\ST\STM32F4xx\Source\Templates\system_stm32f4xx.o
APBAHBPrescTable                                  Drivers\STM32F4xx_HAL_Driver\Src\stm32f4xx_hal_rcc.o
BusFault_Handler                                  Drivers\CMSIS\Device\ST\STM32F4xx\Source\Templates\gcc\startup_stm32f411xe.o
DMA1_Stream0_IRQHandler                           Drivers\CMSIS\Device\ST\STM32F4xx\Source\Templates\gcc\startup_stm32f411xe.o
DMA1_Stream1_IRQHandler                           Drivers\CMSIS\Device\ST\STM32F4xx\Source\Templates\gcc\startup_stm32f411xe.o
DMA1_Stream2_IRQHandler                           Drivers\CMSIS\Device\ST\STM32F4xx\Source\Templates\gcc\startup_stm32f411xe.o
DMA1_Stream3_IRQHandler                           Drivers\CMSIS\Device\ST\STM32F4xx\Source\Templates\gcc\startup_stm32f411xe.o
DMA1_Stream4_IRQHandler                           Drivers\CMSIS\Device\ST\STM32F4xx\Source\Templates\gcc\startup_stm32f411xe.o
DMA1_Stream5_IRQHandler                           Drivers\CMSIS\Device\ST\STM32F4xx\Source\Templates\gcc\startup_stm32f411xe.o
DMA1_Stream6_IRQHandler                           Drivers\CMSIS\Device\ST\STM32F4xx\Source\Templates\gcc\startup_stm32f411xe.o
DMA1_Stream7_IRQHandler                           Drivers\CMSIS\Device\ST\STM32F4xx\Source\Templates\gcc\startup_stm32f411xe.o
DMA2_Stream0_IRQHandler                           Drivers\CMSIS\Device\ST\STM32F4xx\Source\Templates\gcc\startup_stm32f411xe.o
DMA2_Stream1_IRQHandler                           Drivers\CMSIS\Device\ST\STM32F4xx\Source\Templates\gcc\startup_stm32f411xe.o
DMA2_Stream2_IRQHandler                           Drivers\CMSIS\Device\ST\STM32F4xx\Source\Templates\gcc\startup_stm32f411xe.o
DMA2_Stream3_IRQHandler                           Drivers\CMSIS\Device\ST\STM32F4xx\Source\Templates\gcc\startup_stm32f411xe.o
DMA2_Stream4_IRQHandler                           Drivers\CMSIS\Device\ST\STM32F4xx\Source\Templates\gcc\startup_stm32f411xe.o
DMA2_Stream5_IRQHandler                           Drivers\CMSIS\Device\ST\STM32F4xx\Source\Templates\gcc\startup_stm32f411xe.o
DMA2_Stream6_IRQHandler                           Drivers\CMSIS\Device\ST\STM32F4xx\Source\Templates\gcc\startup_stm32f411xe.o
DMA2_Stream7_IRQHandler                           Drivers\CMSIS\Device\ST\STM32F4xx\Source\Templates\gcc\startup_stm32f411xe.o
DebugMon_Handler                                  Drivers\CMSIS\Device\ST\STM32F4xx\Source\Templates\gcc\startup_stm32f411xe.o
Default_Handler                                   Drivers\CMSIS\Device\ST\STM32F4xx\Source\Templates\gcc\startup_stm32f411xe.o
EXTI0_IRQHandler                                  Src\stm32f4xx_it.o
EXTI15_10_IRQHandler                              Drivers\CMSIS\Device\ST\STM32F4xx\Source\Templates\gcc\startup_stm32f411xe.o
EXTI1_IRQHandler                                  Src\stm32f4xx_it.o
EXTI2_IRQHandler                                  Src\stm32f4xx_it.o
EXTI3_IRQHandler                                  Src\stm32f4xx_it.o
EXTI4_IRQHandler                                  Drivers\CMSIS\Device\ST\STM32F4xx\Source\Templates\gcc\startup_stm32f411xe.o
EXTI9_5_IRQHandler                                Drivers\CMSIS\Device\ST\STM32F4xx\Source\Templates\gcc\startup_stm32f411xe.o
Error_Handler                                     Src\main.o
FLASH_Erase_Sector                                Drivers\STM32F4xx_HAL_Driver\Src\stm32f4xx_hal_flash_ex.o
                                                  Drivers\STM32F4xx_HAL_Driver\Src\stm32f4xx_hal_flash.o
FLASH_FlushCaches                                 Drivers\STM32F4xx_HAL_Driver\Src\stm32f4xx_hal_flash_ex.o
                                                  Drivers\STM32F4xx_HAL_Driver\Src\stm32f4xx_hal_flash.o
FLASH_IRQHandler                                  Drivers\CMSIS\Device\ST\STM32F4xx\Source\Templates\gcc\startup_stm32f411xe.o
FLASH_WaitForLastOperation                        Drivers\STM32F4xx_HAL_Driver\Src\stm32f4xx_hal_flash.o
                                                  Drivers\STM32F4xx_HAL_Driver\Src\stm32f4xx_hal_flash_ex.o
FPU_IRQHandler                                    Drivers\CMSIS\Device\ST\STM32F4xx\Source\Templates\gcc\startup_stm32f411xe.o
FPlayer_Buffer                                    Src\main.o
HAL_DBGMCU_DisableDBGSleepMode                    Drivers\STM32F4xx_HAL_Driver\Src\stm32f4xx_hal.o
HAL_DBGMCU_DisableDBGStandbyMode                  Drivers\STM32F4xx_HAL_Driver\Src\stm32f4xx_hal.o
HAL_DBGMCU_DisableDBGStopMode                     Drivers\STM32F4xx_HAL_Driver\Src\stm32f4xx_hal.o
HAL_DBGMCU_EnableDBGSleepMode                     Drivers\STM32F4xx_HAL_Driver\Src\stm32f4xx_hal.o
HAL_DBGMCU_EnableDBGStandbyMode                   Drivers\STM32F4xx_HAL_Driver\Src\stm32f4xx_hal.o
HAL_DBGMCU_EnableDBGStopMode                      Drivers\STM32F4xx_HAL_Driver\Src\stm32f4xx_hal.o
HAL_DMAEx_ChangeMemory                            Drivers\STM32F4xx_HAL_Driver\Src\stm32f4xx_hal_dma_ex.o
HAL_DMAEx_MultiBufferStart                        Drivers\STM32F4xx_HAL_Driver\Src\stm32f4xx_hal_dma_ex.o
HAL_DMAEx_MultiBufferStart_IT                     Drivers\STM32F4xx_HAL_Driver\Src\stm32f4xx_hal_dma_ex.o
HAL_DMA_Abort                                     Drivers\STM32F4xx_HAL_Driver\Src\stm32f4xx_hal_dma.o
                                                  Drivers\STM32F4xx_HAL_Driver\Src\stm32f4xx_hal_uart.o
HAL_DMA_Abort_IT                                  Drivers\STM32F4xx_HAL_Driver\Src\stm32f4xx_hal_dma.o
                                                  Drivers\STM32F4xx_HAL_Driver\Src\stm32f4xx_hal_uart.o
HAL_DMA_DeInit                                    Drivers\STM32F4xx_HAL_Driver\Src\stm32f4xx_hal_dma.o
HAL_DMA_GetError                                  Drivers\STM32F4xx_HAL_Driver\Src\stm32f4xx_hal_dma.o
HAL_DMA_GetState                                  Drivers\STM32F4xx_HAL_Driver\Src\stm32f4xx_hal_dma.o
HAL_DMA_IRQHandler                                Drivers\STM32F4xx_HAL_Driver\Src\stm32f4xx_hal_dma.o
HAL_DMA_Init                                      Drivers\STM32F4xx_HAL_Driver\Src\stm32f4xx_hal_dma.o
HAL_DMA_PollForTransfer                           Drivers\STM32F4xx_HAL_Driver\Src\stm32f4xx_hal_dma.o
HAL_DMA_RegisterCallback                          Drivers\STM32F4xx_HAL_Driver\Src\stm32f4xx_hal_dma.o
HAL_DMA_Start                                     Drivers\STM32F4xx_HAL_Driver\Src\stm32f4xx_hal_dma.o
HAL_DMA_Start_IT                                  Drivers\STM32F4xx_HAL_Driver\Src\stm32f4xx_hal_dma.o
                                                  Drivers\STM32F4xx_HAL_Driver\Src\stm32f4xx_hal_uart.o
HAL_DMA_UnRegisterCallback                        Drivers\STM32F4xx_HAL_Driver\Src\stm32f4xx_hal_dma.o
HAL_DeInit                                        Drivers\STM32F4xx_HAL_Driver\Src\stm32f4xx_hal.o
HAL_Delay                                         Drivers\STM32F4xx_HAL_Driver\Src\stm32f4xx_hal.o
                                                  Src\main.o
                                                  Src\steppermotors.o
HAL_DisableCompensationCell                       Drivers\STM32F4xx_HAL_Driver\Src\stm32f4xx_hal.o
HAL_EnableCompensationCell                        Drivers\STM32F4xx_HAL_Driver\Src\stm32f4xx_hal.o
HAL_FLASHEx_AdvOBGetConfig                        Drivers\STM32F4xx_HAL_Driver\Src\stm32f4xx_hal_flash_ex.o
HAL_FLASHEx_AdvOBProgram                          Drivers\STM32F4xx_HAL_Driver\Src\stm32f4xx_hal_flash_ex.o
HAL_FLASHEx_DisableFlashSleepMode                 Drivers\STM32F4xx_HAL_Driver\Src\stm32f4xx_hal_flash_ramfunc.o
HAL_FLASHEx_EnableFlashSleepMode                  Drivers\STM32F4xx_HAL_Driver\Src\stm32f4xx_hal_flash_ramfunc.o
HAL_FLASHEx_Erase                                 Drivers\STM32F4xx_HAL_Driver\Src\stm32f4xx_hal_flash_ex.o
HAL_FLASHEx_Erase_IT                              Drivers\STM32F4xx_HAL_Driver\Src\stm32f4xx_hal_flash_ex.o
HAL_FLASHEx_OBGetConfig                           Drivers\STM32F4xx_HAL_Driver\Src\stm32f4xx_hal_flash_ex.o
HAL_FLASHEx_OBProgram                             Drivers\STM32F4xx_HAL_Driver\Src\stm32f4xx_hal_flash_ex.o
HAL_FLASHEx_OB_DeSelectPCROP                      Drivers\STM32F4xx_HAL_Driver\Src\stm32f4xx_hal_flash_ex.o
HAL_FLASHEx_OB_SelectPCROP                        Drivers\STM32F4xx_HAL_Driver\Src\stm32f4xx_hal_flash_ex.o
HAL_FLASHEx_StartFlashInterfaceClk                Drivers\STM32F4xx_HAL_Driver\Src\stm32f4xx_hal_flash_ramfunc.o
HAL_FLASHEx_StopFlashInterfaceClk                 Drivers\STM32F4xx_HAL_Driver\Src\stm32f4xx_hal_flash_ramfunc.o
HAL_FLASH_EndOfOperationCallback                  Drivers\STM32F4xx_HAL_Driver\Src\stm32f4xx_hal_flash.o
HAL_FLASH_GetError                                Drivers\STM32F4xx_HAL_Driver\Src\stm32f4xx_hal_flash.o
HAL_FLASH_IRQHandler                              Drivers\STM32F4xx_HAL_Driver\Src\stm32f4xx_hal_flash.o
HAL_FLASH_Lock                                    Drivers\STM32F4xx_HAL_Driver\Src\stm32f4xx_hal_flash.o
HAL_FLASH_OB_Launch                               Drivers\STM32F4xx_HAL_Driver\Src\stm32f4xx_hal_flash.o
HAL_FLASH_OB_Lock                                 Drivers\STM32F4xx_HAL_Driver\Src\stm32f4xx_hal_flash.o
HAL_FLASH_OB_Unlock                               Drivers\STM32F4xx_HAL_Driver\Src\stm32f4xx_hal_flash.o
HAL_FLASH_OperationErrorCallback                  Drivers\STM32F4xx_HAL_Driver\Src\stm32f4xx_hal_flash.o
HAL_FLASH_Program                                 Drivers\STM32F4xx_HAL_Driver\Src\stm32f4xx_hal_flash.o
HAL_FLASH_Program_IT                              Drivers\STM32F4xx_HAL_Driver\Src\stm32f4xx_hal_flash.o
HAL_FLASH_Unlock                                  Drivers\STM32F4xx_HAL_Driver\Src\stm32f4xx_hal_flash.o
HAL_GPIO_DeInit                                   Drivers\STM32F4xx_HAL_Driver\Src\stm32f4xx_hal_gpio.o
                                                  Src\stm32f4xx_hal_msp.o
HAL_GPIO_EXTI_Callback                            Drivers\STM32F4xx_HAL_Driver\Src\stm32f4xx_hal_gpio.o
HAL_GPIO_EXTI_IRQHandler                          Drivers\STM32F4xx_HAL_Driver\Src\stm32f4xx_hal_gpio.o
HAL_GPIO_Init                                     Drivers\STM32F4xx_HAL_Driver\Src\stm32f4xx_hal_gpio.o
                                                  Drivers\STM32F4xx_HAL_Driver\Src\stm32f4xx_hal_rcc.o
                                                  Src\main.o
                                                  Src\stm32f4xx_hal_msp.o
HAL_GPIO_LockPin                                  Drivers\STM32F4xx_HAL_Driver\Src\stm32f4xx_hal_gpio.o
HAL_GPIO_ReadPin                                  Drivers\STM32F4xx_HAL_Driver\Src\stm32f4xx_hal_gpio.o
HAL_GPIO_TogglePin                                Drivers\STM32F4xx_HAL_Driver\Src\stm32f4xx_hal_gpio.o
                                                  Src\steppermotors.o
HAL_GPIO_WritePin                                 Drivers\STM32F4xx_HAL_Driver\Src\stm32f4xx_hal_gpio.o
                                                  Src\main.o
                                                  Src\steppermotors.o
HAL_GetDEVID                                      Drivers\STM32F4xx_HAL_Driver\Src\stm32f4xx_hal.o
HAL_GetHalVersion                                 Drivers\STM32F4xx_HAL_Driver\Src\stm32f4xx_hal.o
HAL_GetREVID                                      Drivers\STM32F4xx_HAL_Driver\Src\stm32f4xx_hal.o
HAL_GetTick                                       Drivers\STM32F4xx_HAL_Driver\Src\stm32f4xx_hal.o
                                                  Drivers\STM32F4xx_HAL_Driver\Src\stm32f4xx_hal_dma.o
                                                  Drivers\STM32F4xx_HAL_Driver\Src\stm32f4xx_hal_flash.o
                                                  Drivers\STM32F4xx_HAL_Driver\Src\stm32f4xx_hal_pwr_ex.o
                                                  Drivers\STM32F4xx_HAL_Driver\Src\stm32f4xx_hal_rcc.o
                                                  Drivers\STM32F4xx_HAL_Driver\Src\stm32f4xx_hal_rcc_ex.o
                                                  Drivers\STM32F4xx_HAL_Driver\Src\stm32f4xx_hal_uart.o
HAL_HalfDuplex_EnableReceiver                     Drivers\STM32F4xx_HAL_Driver\Src\stm32f4xx_hal_uart.o
HAL_HalfDuplex_EnableTransmitter                  Drivers\STM32F4xx_HAL_Driver\Src\stm32f4xx_hal_uart.o
HAL_HalfDuplex_Init                               Drivers\STM32F4xx_HAL_Driver\Src\stm32f4xx_hal_uart.o
HAL_IncTick                                       Drivers\STM32F4xx_HAL_Driver\Src\stm32f4xx_hal.o
                                                  Src\stm32f4xx_it.o
HAL_Init                                          Drivers\STM32F4xx_HAL_Driver\Src\stm32f4xx_hal.o
                                                  Src\main.o
HAL_InitTick                                      Drivers\STM32F4xx_HAL_Driver\Src\stm32f4xx_hal.o
                                                  Drivers\STM32F4xx_HAL_Driver\Src\stm32f4xx_hal_rcc.o
HAL_LIN_Init                                      Drivers\STM32F4xx_HAL_Driver\Src\stm32f4xx_hal_uart.o
HAL_LIN_SendBreak                                 Drivers\STM32F4xx_HAL_Driver\Src\stm32f4xx_hal_uart.o
HAL_MPU_ConfigRegion                              Drivers\STM32F4xx_HAL_Driver\Src\stm32f4xx_hal_cortex.o
HAL_MspDeInit                                     Drivers\STM32F4xx_HAL_Driver\Src\stm32f4xx_hal.o
HAL_MspInit                                       Src\stm32f4xx_hal_msp.o
HAL_MultiProcessor_EnterMuteMode                  Drivers\STM32F4xx_HAL_Driver\Src\stm32f4xx_hal_uart.o
HAL_MultiProcessor_ExitMuteMode                   Drivers\STM32F4xx_HAL_Driver\Src\stm32f4xx_hal_uart.o
HAL_MultiProcessor_Init                           Drivers\STM32F4xx_HAL_Driver\Src\stm32f4xx_hal_uart.o
HAL_NVIC_ClearPendingIRQ                          Drivers\STM32F4xx_HAL_Driver\Src\stm32f4xx_hal_cortex.o
HAL_NVIC_DisableIRQ                               Drivers\STM32F4xx_HAL_Driver\Src\stm32f4xx_hal_cortex.o
                                                  Src\stm32f4xx_hal_msp.o
HAL_NVIC_EnableIRQ                                Drivers\STM32F4xx_HAL_Driver\Src\stm32f4xx_hal_cortex.o
                                                  Src\main.o
                                                  Src\stm32f4xx_hal_msp.o
HAL_NVIC_GetActive                                Drivers\STM32F4xx_HAL_Driver\Src\stm32f4xx_hal_cortex.o
HAL_NVIC_GetPendingIRQ                            Drivers\STM32F4xx_HAL_Driver\Src\stm32f4xx_hal_cortex.o
HAL_NVIC_GetPriority                              Drivers\STM32F4xx_HAL_Driver\Src\stm32f4xx_hal_cortex.o
HAL_NVIC_GetPriorityGrouping                      Drivers\STM32F4xx_HAL_Driver\Src\stm32f4xx_hal_cortex.o
HAL_NVIC_SetPendingIRQ                            Drivers\STM32F4xx_HAL_Driver\Src\stm32f4xx_hal_cortex.o
HAL_NVIC_SetPriority                              Drivers\STM32F4xx_HAL_Driver\Src\stm32f4xx_hal_cortex.o
                                                  Drivers\STM32F4xx_HAL_Driver\Src\stm32f4xx_hal.o
                                                  Src\main.o
                                                  Src\stm32f4xx_hal_msp.o
HAL_NVIC_SetPriorityGrouping                      Drivers\STM32F4xx_HAL_Driver\Src\stm32f4xx_hal_cortex.o
                                                  Drivers\STM32F4xx_HAL_Driver\Src\stm32f4xx_hal.o
                                                  Src\stm32f4xx_hal_msp.o
HAL_NVIC_SystemReset                              Drivers\STM32F4xx_HAL_Driver\Src\stm32f4xx_hal_cortex.o
HAL_PWREx_ControlVoltageScaling                   Drivers\STM32F4xx_HAL_Driver\Src\stm32f4xx_hal_pwr_ex.o
HAL_PWREx_DisableBkUpReg                          Drivers\STM32F4xx_HAL_Driver\Src\stm32f4xx_hal_pwr_ex.o
HAL_PWREx_DisableFlashPowerDown                   Drivers\STM32F4xx_HAL_Driver\Src\stm32f4xx_hal_pwr_ex.o
HAL_PWREx_DisableLowRegulatorLowVoltage           Drivers\STM32F4xx_HAL_Driver\Src\stm32f4xx_hal_pwr_ex.o
HAL_PWREx_DisableMainRegulatorLowVoltage          Drivers\STM32F4xx_HAL_Driver\Src\stm32f4xx_hal_pwr_ex.o
HAL_PWREx_EnableBkUpReg                           Drivers\STM32F4xx_HAL_Driver\Src\stm32f4xx_hal_pwr_ex.o
HAL_PWREx_EnableFlashPowerDown                    Drivers\STM32F4xx_HAL_Driver\Src\stm32f4xx_hal_pwr_ex.o
HAL_PWREx_EnableLowRegulatorLowVoltage            Drivers\STM32F4xx_HAL_Driver\Src\stm32f4xx_hal_pwr_ex.o
HAL_PWREx_EnableMainRegulatorLowVoltage           Drivers\STM32F4xx_HAL_Driver\Src\stm32f4xx_hal_pwr_ex.o
HAL_PWREx_GetVoltageRange                         Drivers\STM32F4xx_HAL_Driver\Src\stm32f4xx_hal_pwr_ex.o
HAL_PWR_ConfigPVD                                 Drivers\STM32F4xx_HAL_Driver\Src\stm32f4xx_hal_pwr.o
HAL_PWR_DeInit                                    Drivers\STM32F4xx_HAL_Driver\Src\stm32f4xx_hal_pwr.o
HAL_PWR_DisableBkUpAccess                         Drivers\STM32F4xx_HAL_Driver\Src\stm32f4xx_hal_pwr.o
HAL_PWR_DisablePVD                                Drivers\STM32F4xx_HAL_Driver\Src\stm32f4xx_hal_pwr.o
HAL_PWR_DisableSEVOnPend                          Drivers\STM32F4xx_HAL_Driver\Src\stm32f4xx_hal_pwr.o
HAL_PWR_DisableSleepOnExit                        Drivers\STM32F4xx_HAL_Driver\Src\stm32f4xx_hal_pwr.o
HAL_PWR_DisableWakeUpPin                          Drivers\STM32F4xx_HAL_Driver\Src\stm32f4xx_hal_pwr.o
HAL_PWR_EnableBkUpAccess                          Drivers\STM32F4xx_HAL_Driver\Src\stm32f4xx_hal_pwr.o
HAL_PWR_EnablePVD                                 Drivers\STM32F4xx_HAL_Driver\Src\stm32f4xx_hal_pwr.o
HAL_PWR_EnableSEVOnPend                           Drivers\STM32F4xx_HAL_Driver\Src\stm32f4xx_hal_pwr.o
HAL_PWR_EnableSleepOnExit                         Drivers\STM32F4xx_HAL_Driver\Src\stm32f4xx_hal_pwr.o
HAL_PWR_EnableWakeUpPin                           Drivers\STM32F4xx_HAL_Driver\Src\stm32f4xx_hal_pwr.o
HAL_PWR_EnterSLEEPMode                            Drivers\STM32F4xx_HAL_Driver\Src\stm32f4xx_hal_pwr.o
HAL_PWR_EnterSTANDBYMode                          Drivers\STM32F4xx_HAL_Driver\Src\stm32f4xx_hal_pwr.o
HAL_PWR_EnterSTOPMode                             Drivers\STM32F4xx_HAL_Driver\Src\stm32f4xx_hal_pwr.o
HAL_PWR_PVDCallback                               Drivers\STM32F4xx_HAL_Driver\Src\stm32f4xx_hal_pwr.o
HAL_PWR_PVD_IRQHandler                            Drivers\STM32F4xx_HAL_Driver\Src\stm32f4xx_hal_pwr.o
HAL_RCCEx_GetPeriphCLKConfig                      Drivers\STM32F4xx_HAL_Driver\Src\stm32f4xx_hal_rcc_ex.o
HAL_RCCEx_PeriphCLKConfig                         Drivers\STM32F4xx_HAL_Driver\Src\stm32f4xx_hal_rcc_ex.o
HAL_RCCEx_SelectLSEMode                           Drivers\STM32F4xx_HAL_Driver\Src\stm32f4xx_hal_rcc_ex.o
HAL_RCC_CSSCallback                               Drivers\STM32F4xx_HAL_Driver\Src\stm32f4xx_hal_rcc.o
HAL_RCC_ClockConfig                               Drivers\STM32F4xx_HAL_Driver\Src\stm32f4xx_hal_rcc.o
                                                  Src\main.o
HAL_RCC_DeInit                                    Drivers\STM32F4xx_HAL_Driver\Src\stm32f4xx_hal_rcc_ex.o
HAL_RCC_DisableCSS                                Drivers\STM32F4xx_HAL_Driver\Src\stm32f4xx_hal_rcc.o
HAL_RCC_EnableCSS                                 Drivers\STM32F4xx_HAL_Driver\Src\stm32f4xx_hal_rcc.o
HAL_RCC_GetClockConfig                            Drivers\STM32F4xx_HAL_Driver\Src\stm32f4xx_hal_rcc.o
HAL_RCC_GetHCLKFreq                               Drivers\STM32F4xx_HAL_Driver\Src\stm32f4xx_hal_rcc.o
                                                  Src\main.o
HAL_RCC_GetOscConfig                              Drivers\STM32F4xx_HAL_Driver\Src\stm32f4xx_hal_rcc.o
HAL_RCC_GetPCLK1Freq                              Drivers\STM32F4xx_HAL_Driver\Src\stm32f4xx_hal_rcc.o
                                                  Drivers\STM32F4xx_HAL_Driver\Src\stm32f4xx_hal_uart.o
HAL_RCC_GetPCLK2Freq                              Drivers\STM32F4xx_HAL_Driver\Src\stm32f4xx_hal_rcc.o
                                                  Drivers\STM32F4xx_HAL_Driver\Src\stm32f4xx_hal_uart.o
HAL_RCC_GetSysClockFreq                           Drivers\STM32F4xx_HAL_Driver\Src\stm32f4xx_hal_rcc.o
HAL_RCC_MCOConfig                                 Drivers\STM32F4xx_HAL_Driver\Src\stm32f4xx_hal_rcc.o
HAL_RCC_NMI_IRQHandler                            Drivers\STM32F4xx_HAL_Driver\Src\stm32f4xx_hal_rcc.o
HAL_RCC_OscConfig                                 Drivers\STM32F4xx_HAL_Driver\Src\stm32f4xx_hal_rcc.o
                                                  Src\main.o
HAL_ResumeTick                                    Drivers\STM32F4xx_HAL_Driver\Src\stm32f4xx_hal.o
HAL_SYSTICK_CLKSourceConfig                       Drivers\STM32F4xx_HAL_Driver\Src\stm32f4xx_hal_cortex.o
                                                  Src\main.o
HAL_SYSTICK_Callback                              Drivers\STM32F4xx_HAL_Driver\Src\stm32f4xx_hal_cortex.o
HAL_SYSTICK_Config                                Drivers\STM32F4xx_HAL_Driver\Src\stm32f4xx_hal_cortex.o
                                                  Drivers\STM32F4xx_HAL_Driver\Src\stm32f4xx_hal.o
                                                  Src\main.o
HAL_SYSTICK_IRQHandler                            Drivers\STM32F4xx_HAL_Driver\Src\stm32f4xx_hal_cortex.o
                                                  Src\stm32f4xx_it.o
HAL_SuspendTick                                   Drivers\STM32F4xx_HAL_Driver\Src\stm32f4xx_hal.o
HAL_UART_DMAPause                                 Drivers\STM32F4xx_HAL_Driver\Src\stm32f4xx_hal_uart.o
HAL_UART_DMAResume                                Drivers\STM32F4xx_HAL_Driver\Src\stm32f4xx_hal_uart.o
HAL_UART_DMAStop                                  Drivers\STM32F4xx_HAL_Driver\Src\stm32f4xx_hal_uart.o
HAL_UART_DeInit                                   Drivers\STM32F4xx_HAL_Driver\Src\stm32f4xx_hal_uart.o
HAL_UART_ErrorCallback                            Drivers\STM32F4xx_HAL_Driver\Src\stm32f4xx_hal_uart.o
HAL_UART_GetError                                 Drivers\STM32F4xx_HAL_Driver\Src\stm32f4xx_hal_uart.o
HAL_UART_GetState                                 Drivers\STM32F4xx_HAL_Driver\Src\stm32f4xx_hal_uart.o
HAL_UART_IRQHandler                               Drivers\STM32F4xx_HAL_Driver\Src\stm32f4xx_hal_uart.o
                                                  Src\stm32f4xx_it.o
HAL_UART_Init                                     Drivers\STM32F4xx_HAL_Driver\Src\stm32f4xx_hal_uart.o
                                                  Src\main.o
HAL_UART_MspDeInit                                Src\stm32f4xx_hal_msp.o
HAL_UART_MspInit                                  Src\stm32f4xx_hal_msp.o
HAL_UART_Receive                                  Drivers\STM32F4xx_HAL_Driver\Src\stm32f4xx_hal_uart.o
HAL_UART_Receive_DMA                              Drivers\STM32F4xx_HAL_Driver\Src\stm32f4xx_hal_uart.o
HAL_UART_Receive_IT                               Drivers\STM32F4xx_HAL_Driver\Src\stm32f4xx_hal_uart.o
                                                  Src\main.o
HAL_UART_RxCpltCallback                           Drivers\STM32F4xx_HAL_Driver\Src\stm32f4xx_hal_uart.o
HAL_UART_RxHalfCpltCallback                       Drivers\STM32F4xx_HAL_Driver\Src\stm32f4xx_hal_uart.o
HAL_UART_Transmit                                 Drivers\STM32F4xx_HAL_Driver\Src\stm32f4xx_hal_uart.o
HAL_UART_Transmit_DMA                             Drivers\STM32F4xx_HAL_Driver\Src\stm32f4xx_hal_uart.o
HAL_UART_Transmit_IT                              Drivers\STM32F4xx_HAL_Driver\Src\stm32f4xx_hal_uart.o
                                                  Src\main.o
HAL_UART_TxCpltCallback                           Drivers\STM32F4xx_HAL_Driver\Src\stm32f4xx_hal_uart.o
HAL_UART_TxHalfCpltCallback                       Drivers\STM32F4xx_HAL_Driver\Src\stm32f4xx_hal_uart.o
HardFault_Handler                                 Drivers\CMSIS\Device\ST\STM32F4xx\Source\Templates\gcc\startup_stm32f411xe.o
I2C1_ER_IRQHandler                                Drivers\CMSIS\Device\ST\STM32F4xx\Source\Templates\gcc\startup_stm32f411xe.o
I2C1_EV_IRQHandler                                Drivers\CMSIS\Device\ST\STM32F4xx\Source\Templates\gcc\startup_stm32f411xe.o
I2C2_ER_IRQHandler                                Drivers\CMSIS\Device\ST\STM32F4xx\Source\Templates\gcc\startup_stm32f411xe.o
I2C2_EV_IRQHandler                                Drivers\CMSIS\Device\ST\STM32F4xx\Source\Templates\gcc\startup_stm32f411xe.o
I2C3_ER_IRQHandler                                Drivers\CMSIS\Device\ST\STM32F4xx\Source\Templates\gcc\startup_stm32f411xe.o
I2C3_EV_IRQHandler                                Drivers\CMSIS\Device\ST\STM32F4xx\Source\Templates\gcc\startup_stm32f411xe.o
MA0_Flag                                          Src\steppermotors.o
                                                  Src\stm32f4xx_it.o
MA1_Flag                                          Src\steppermotors.o
                                                  Src\stm32f4xx_it.o
MA2_Flag                                          Src\steppermotors.o
                                                  Src\stm32f4xx_it.o
MAAux_Flag                                        Src\steppermotors.o
                                                  Src\stm32f4xx_it.o
MemManage_Handler                                 Drivers\CMSIS\Device\ST\STM32F4xx\Source\Templates\gcc\startup_stm32f411xe.o
NMI_Handler                                       Drivers\CMSIS\Device\ST\STM32F4xx\Source\Templates\gcc\startup_stm32f411xe.o
OTG_FS_IRQHandler                                 Drivers\CMSIS\Device\ST\STM32F4xx\Source\Templates\gcc\startup_stm32f411xe.o
OTG_FS_WKUP_IRQHandler                            Drivers\CMSIS\Device\ST\STM32F4xx\Source\Templates\gcc\startup_stm32f411xe.o
PVD_IRQHandler                                    Drivers\CMSIS\Device\ST\STM32F4xx\Source\Templates\gcc\startup_stm32f411xe.o
PendSV_Handler                                    Drivers\CMSIS\Device\ST\STM32F4xx\Source\Templates\gcc\startup_stm32f411xe.o
RCC_IRQHandler                                    Drivers\CMSIS\Device\ST\STM32F4xx\Source\Templates\gcc\startup_stm32f411xe.o
RF_Buffer                                         Src\main.o
RTC_Alarm_IRQHandler                              Drivers\CMSIS\Device\ST\STM32F4xx\Source\Templates\gcc\startup_stm32f411xe.o
RTC_WKUP_IRQHandler                               Drivers\CMSIS\Device\ST\STM32F4xx\Source\Templates\gcc\startup_stm32f411xe.o
Reset_Handler                                     Drivers\CMSIS\Device\ST\STM32F4xx\Source\Templates\gcc\startup_stm32f411xe.o
RxDataRF_Cnt                                      Src\main.o
                                                  Src\stm32f4xx_it.o
SDIO_IRQHandler                                   Drivers\CMSIS\Device\ST\STM32F4xx\Source\Templates\gcc\startup_stm32f411xe.o
SPI1_IRQHandler                                   Drivers\CMSIS\Device\ST\STM32F4xx\Source\Templates\gcc\startup_stm32f411xe.o
SPI2_IRQHandler                                   Drivers\CMSIS\Device\ST\STM32F4xx\Source\Templates\gcc\startup_stm32f411xe.o
SPI3_IRQHandler                                   Drivers\CMSIS\Device\ST\STM32F4xx\Source\Templates\gcc\startup_stm32f411xe.o
SPI4_IRQHandler                                   Drivers\CMSIS\Device\ST\STM32F4xx\Source\Templates\gcc\startup_stm32f411xe.o
SPI5_IRQHandler                                   Drivers\CMSIS\Device\ST\STM32F4xx\Source\Templates\gcc\startup_stm32f411xe.o
SVC_Handler                                       Drivers\CMSIS\Device\ST\STM32F4xx\Source\Templates\gcc\startup_stm32f411xe.o
SysTick_Handler                                   Src\stm32f4xx_it.o
SystemClock_Config                                Src\main.o
SystemCoreClock                                   Drivers\CMSIS\Device\ST\STM32F4xx\Source\Templates\system_stm32f4xx.o
                                                  Drivers\STM32F4xx_HAL_Driver\Src\stm32f4xx_hal.o
                                                  Drivers\STM32F4xx_HAL_Driver\Src\stm32f4xx_hal_dma.o
                                                  Drivers\STM32F4xx_HAL_Driver\Src\stm32f4xx_hal_rcc.o
                                                  Drivers\STM32F4xx_HAL_Driver\Src\stm32f4xx_hal_rcc_ex.o
SystemCoreClockUpdate                             Drivers\CMSIS\Device\ST\STM32F4xx\Source\Templates\system_stm32f4xx.o
SystemInit                                        Drivers\CMSIS\Device\ST\STM32F4xx\Source\Templates\system_stm32f4xx.o
                                                  Drivers\CMSIS\Device\ST\STM32F4xx\Source\Templates\gcc\startup_stm32f411xe.o
TAMP_STAMP_IRQHandler                             Drivers\CMSIS\Device\ST\STM32F4xx\Source\Templates\gcc\startup_stm32f411xe.o
TIM1_BRK_TIM9_IRQHandler                          Drivers\CMSIS\Device\ST\STM32F4xx\Source\Templates\gcc\startup_stm32f411xe.o
TIM1_CC_IRQHandler                                Drivers\CMSIS\Device\ST\STM32F4xx\Source\Templates\gcc\startup_stm32f411xe.o
TIM1_TRG_COM_TIM11_IRQHandler                     Drivers\CMSIS\Device\ST\STM32F4xx\Source\Templates\gcc\startup_stm32f411xe.o
TIM1_UP_TIM10_IRQHandler                          Drivers\CMSIS\Device\ST\STM32F4xx\Source\Templates\gcc\startup_stm32f411xe.o
TIM2_IRQHandler                                   Drivers\CMSIS\Device\ST\STM32F4xx\Source\Templates\gcc\startup_stm32f411xe.o
TIM3_IRQHandler                                   Drivers\CMSIS\Device\ST\STM32F4xx\Source\Templates\gcc\startup_stm32f411xe.o
TIM4_IRQHandler                                   Drivers\CMSIS\Device\ST\STM32F4xx\Source\Templates\gcc\startup_stm32f411xe.o
TIM5_IRQHandler                                   Drivers\CMSIS\Device\ST\STM32F4xx\Source\Templates\gcc\startup_stm32f411xe.o
USART1_IRQHandler                                 Src\stm32f4xx_it.o
USART2_IRQHandler                                 Drivers\CMSIS\Device\ST\STM32F4xx\Source\Templates\gcc\startup_stm32f411xe.o
USART6_IRQHandler                                 Src\stm32f4xx_it.o
UsageFault_Handler                                Drivers\CMSIS\Device\ST\STM32F4xx\Source\Templates\gcc\startup_stm32f411xe.o
WWDG_IRQHandler                                   Drivers\CMSIS\Device\ST\STM32F4xx\Source\Templates\gcc\startup_stm32f411xe.o
__adddf3                                          d:/programas/truestudio for arm 5.4.2/armtools/bin/../lib/gcc/arm-atollic-eabi/4.8.3/armv7e-m/fpu\libgcc.a(_arm_addsubdf3.o)
__aeabi_d2uiz                                     d:/programas/truestudio for arm 5.4.2/armtools/bin/../lib/gcc/arm-atollic-eabi/4.8.3/armv7e-m/fpu\libgcc.a(_arm_fixunsdfsi.o)
                                                  Src\steppermotors.o
__aeabi_dadd                                      d:/programas/truestudio for arm 5.4.2/armtools/bin/../lib/gcc/arm-atollic-eabi/4.8.3/armv7e-m/fpu\libgcc.a(_arm_addsubdf3.o)
                                                  d:/programas/truestudio for arm 5.4.2/armtools/bin/../lib/gcc/arm-atollic-eabi/4.8.3/../../../../arm-atollic-eabi/lib/armv7e-m/fpu\libm.a(lib_a-s_round.o)
                                                  Src\steppermotors.o
__aeabi_ddiv                                      d:/programas/truestudio for arm 5.4.2/armtools/bin/../lib/gcc/arm-atollic-eabi/4.8.3/armv7e-m/fpu\libgcc.a(_arm_muldivdf3.o)
                                                  Src\steppermotors.o
__aeabi_dmul                                      d:/programas/truestudio for arm 5.4.2/armtools/bin/../lib/gcc/arm-atollic-eabi/4.8.3/armv7e-m/fpu\libgcc.a(_arm_muldivdf3.o)
                                                  Src\steppermotors.o
__aeabi_drsub                                     d:/programas/truestudio for arm 5.4.2/armtools/bin/../lib/gcc/arm-atollic-eabi/4.8.3/armv7e-m/fpu\libgcc.a(_arm_addsubdf3.o)
__aeabi_dsub                                      d:/programas/truestudio for arm 5.4.2/armtools/bin/../lib/gcc/arm-atollic-eabi/4.8.3/armv7e-m/fpu\libgcc.a(_arm_addsubdf3.o)
__aeabi_f2d                                       d:/programas/truestudio for arm 5.4.2/armtools/bin/../lib/gcc/arm-atollic-eabi/4.8.3/armv7e-m/fpu\libgcc.a(_arm_addsubdf3.o)
__aeabi_i2d                                       d:/programas/truestudio for arm 5.4.2/armtools/bin/../lib/gcc/arm-atollic-eabi/4.8.3/armv7e-m/fpu\libgcc.a(_arm_addsubdf3.o)
                                                  Src\steppermotors.o
__aeabi_l2d                                       d:/programas/truestudio for arm 5.4.2/armtools/bin/../lib/gcc/arm-atollic-eabi/4.8.3/armv7e-m/fpu\libgcc.a(_arm_addsubdf3.o)
__aeabi_ui2d                                      d:/programas/truestudio for arm 5.4.2/armtools/bin/../lib/gcc/arm-atollic-eabi/4.8.3/armv7e-m/fpu\libgcc.a(_arm_addsubdf3.o)
                                                  Src\main.o
__aeabi_ul2d                                      d:/programas/truestudio for arm 5.4.2/armtools/bin/../lib/gcc/arm-atollic-eabi/4.8.3/armv7e-m/fpu\libgcc.a(_arm_addsubdf3.o)
__deregister_frame_info                           d:/programas/truestudio for arm 5.4.2/armtools/bin/../lib/gcc/arm-atollic-eabi/4.8.3/armv7e-m/fpu/crtbegin.o
__divdf3                                          d:/programas/truestudio for arm 5.4.2/armtools/bin/../lib/gcc/arm-atollic-eabi/4.8.3/armv7e-m/fpu\libgcc.a(_arm_muldivdf3.o)
__dso_handle                                      d:/programas/truestudio for arm 5.4.2/armtools/bin/../lib/gcc/arm-atollic-eabi/4.8.3/armv7e-m/fpu/crtbegin.o
__extendsfdf2                                     d:/programas/truestudio for arm 5.4.2/armtools/bin/../lib/gcc/arm-atollic-eabi/4.8.3/armv7e-m/fpu\libgcc.a(_arm_addsubdf3.o)
__fixunsdfsi                                      d:/programas/truestudio for arm 5.4.2/armtools/bin/../lib/gcc/arm-atollic-eabi/4.8.3/armv7e-m/fpu\libgcc.a(_arm_fixunsdfsi.o)
__floatdidf                                       d:/programas/truestudio for arm 5.4.2/armtools/bin/../lib/gcc/arm-atollic-eabi/4.8.3/armv7e-m/fpu\libgcc.a(_arm_addsubdf3.o)
__floatsidf                                       d:/programas/truestudio for arm 5.4.2/armtools/bin/../lib/gcc/arm-atollic-eabi/4.8.3/armv7e-m/fpu\libgcc.a(_arm_addsubdf3.o)
__floatundidf                                     d:/programas/truestudio for arm 5.4.2/armtools/bin/../lib/gcc/arm-atollic-eabi/4.8.3/armv7e-m/fpu\libgcc.a(_arm_addsubdf3.o)
__floatunsidf                                     d:/programas/truestudio for arm 5.4.2/armtools/bin/../lib/gcc/arm-atollic-eabi/4.8.3/armv7e-m/fpu\libgcc.a(_arm_addsubdf3.o)
__init_array_end                                  d:/programas/truestudio for arm 5.4.2/armtools/bin/../lib/gcc/arm-atollic-eabi/4.8.3/../../../../arm-atollic-eabi/lib/armv7e-m/fpu\libc.a(lib_a-init.o)
__init_array_start                                d:/programas/truestudio for arm 5.4.2/armtools/bin/../lib/gcc/arm-atollic-eabi/4.8.3/../../../../arm-atollic-eabi/lib/armv7e-m/fpu\libc.a(lib_a-init.o)
__libc_init_array                                 d:/programas/truestudio for arm 5.4.2/armtools/bin/../lib/gcc/arm-atollic-eabi/4.8.3/../../../../arm-atollic-eabi/lib/armv7e-m/fpu\libc.a(lib_a-init.o)
                                                  Drivers\CMSIS\Device\ST\STM32F4xx\Source\Templates\gcc\startup_stm32f411xe.o
__muldf3                                          d:/programas/truestudio for arm 5.4.2/armtools/bin/../lib/gcc/arm-atollic-eabi/4.8.3/armv7e-m/fpu\libgcc.a(_arm_muldivdf3.o)
__preinit_array_end                               d:/programas/truestudio for arm 5.4.2/armtools/bin/../lib/gcc/arm-atollic-eabi/4.8.3/../../../../arm-atollic-eabi/lib/armv7e-m/fpu\libc.a(lib_a-init.o)
__preinit_array_start                             d:/programas/truestudio for arm 5.4.2/armtools/bin/../lib/gcc/arm-atollic-eabi/4.8.3/../../../../arm-atollic-eabi/lib/armv7e-m/fpu\libc.a(lib_a-init.o)
__register_frame_info                             d:/programas/truestudio for arm 5.4.2/armtools/bin/../lib/gcc/arm-atollic-eabi/4.8.3/armv7e-m/fpu/crtbegin.o
__subdf3                                          d:/programas/truestudio for arm 5.4.2/armtools/bin/../lib/gcc/arm-atollic-eabi/4.8.3/armv7e-m/fpu\libgcc.a(_arm_addsubdf3.o)
_ebss                                             Drivers\CMSIS\Device\ST\STM32F4xx\Source\Templates\gcc\startup_stm32f411xe.o
_edata                                            Drivers\CMSIS\Device\ST\STM32F4xx\Source\Templates\gcc\startup_stm32f411xe.o
_estack                                           Drivers\CMSIS\Device\ST\STM32F4xx\Source\Templates\gcc\startup_stm32f411xe.o
_fini                                             d:/programas/truestudio for arm 5.4.2/armtools/bin/../lib/gcc/arm-atollic-eabi/4.8.3/armv7e-m/fpu/crti.o
_init                                             d:/programas/truestudio for arm 5.4.2/armtools/bin/../lib/gcc/arm-atollic-eabi/4.8.3/armv7e-m/fpu/crti.o
                                                  d:/programas/truestudio for arm 5.4.2/armtools/bin/../lib/gcc/arm-atollic-eabi/4.8.3/../../../../arm-atollic-eabi/lib/armv7e-m/fpu\libc.a(lib_a-init.o)
_sbss                                             Drivers\CMSIS\Device\ST\STM32F4xx\Source\Templates\gcc\startup_stm32f411xe.o
_sdata                                            Drivers\CMSIS\Device\ST\STM32F4xx\Source\Templates\gcc\startup_stm32f411xe.o
_sidata                                           Drivers\CMSIS\Device\ST\STM32F4xx\Source\Templates\gcc\startup_stm32f411xe.o
buildCommand                                      Src\fplayer.o
                                                  Src\main.o
changeDir                                         Src\steppermotors.o
                                                  Src\main.o
character                                         Src\main.o
characters                                        Src\main.o
deInitVariables                                   Src\main.o
done                                              Src\main.o
flag_Ended                                        Src\main.o
g_pfnVectors                                      Drivers\CMSIS\Device\ST\STM32F4xx\Source\Templates\gcc\startup_stm32f411xe.o
huart1                                            Src\main.o
                                                  Src\stm32f4xx_it.o
huart6                                            Src\main.o
                                                  Src\stm32f4xx_it.o
i                                                 Src\main.o
j                                                 Src\main.o
main                                              Src\main.o
                                                  Drivers\CMSIS\Device\ST\STM32F4xx\Source\Templates\gcc\startup_stm32f411xe.o
max                                               Src\main.o
moveMotorDegrees                                  Src\steppermotors.o
moveMotorDistance                                 Src\steppermotors.o
                                                  Src\main.o
musicOn                                           Src\main.o
nplayers                                          Src\main.o
pFlash                                            Drivers\STM32F4xx_HAL_Driver\Src\stm32f4xx_hal_flash.o
                                                  Drivers\STM32F4xx_HAL_Driver\Src\stm32f4xx_hal_flash_ex.o
player_Cnt                                        Src\main.o
players                                           Src\main.o
pointPlayers                                      Src\main.o
putChr                                            Src\fplayer.o
round                                             d:/programas/truestudio for arm 5.4.2/armtools/bin/../lib/gcc/arm-atollic-eabi/4.8.3/../../../../arm-atollic-eabi/lib/armv7e-m/fpu\libm.a(lib_a-s_round.o)
                                                  Src\steppermotors.o
sendMotorsToStart                                 Src\main.o
strncpy                                           d:/programas/truestudio for arm 5.4.2/armtools/bin/../lib/gcc/arm-atollic-eabi/4.8.3/../../../../arm-atollic-eabi/lib/armv7e-m/fpu\libc.a(lib_a-strncpy.o)
                                                  Src\main.o
uwTick                                            Drivers\STM32F4xx_HAL_Driver\Src\stm32f4xx_hal.o
